2026-06-02 09:12:03,125 INFO  [main] app.startup - Application bootstrap started. version=1.2.0 build=20260602
2026-06-02 09:12:03,128 DEBUG [config] config.loader - Loaded configuration file from C:\Users\GenAIBLRANCUSR50\Downloads\test\config.yaml
2026-06-02 09:12:04,002 INFO  [http-server] server.listen - HTTP server listening on 0.0.0.0:8080
2026-06-02 09:12:14,217 INFO  [auth] auth.login - user_id=42 request_id=req-0a1b2c3d status=success latency_ms=45
2026-06-02 09:12:15,489 WARN  [cache] cache.get - Cache miss key="user_profile:42" request_id=req-0a1b2c3d
2026-06-02 09:12:15,492 DEBUG [db] db.query - Executing SQL: SELECT * FROM users WHERE id=%s params=(42,)
2026-06-02 09:12:15,612 ERROR [db] db.execute - Database error during query request_id=req-0a1b2c3d sql_state=23505
Traceback (most recent call last):
  File "C:\Users\GenAIBLRANCUSR50\Downloads\test\app\services\user_service.py", line 78, in get_user
    return db.fetch_one(query, (user_id,))
  File "C:\Users\GenAIBLRANCUSR50\Downloads\test\app\lib\db.py", line 134, in fetch_one
    raise DatabaseError('Unique constraint violated')
DatabaseError: Unique constraint violated
2026-06-02 09:12:15,613 ERROR [http-server] request.handler - request_id=req-0a1b2c3d path=/api/v1/users/42 method=GET status=500 response_time_ms=125
2026-06-02 09:12:15,614 INFO  [metrics] telemetry.record - metric=requests.total value=1 tags="status:500"
2026-06-02 09:13:00,020 INFO  [scheduler] jobs.run - Running nightly maintenance job job_id=cleanup-20260602
2026-06-02 09:13:00,122 WARN  [storage] storage.cleanup - Low disk space on C: available_mb=420 request_id=job-cleanup-0
2026-06-02 09:13:05,995 INFO  [backup] backup.start - Snapshot started path=\\backup-server\snapshots\20260602-091305
2026-06-02 09:13:06,105 ERROR [backup] backup.failed - Snapshot failed request_id=job-cleanup-0 cause=IOError message="Failed to write file"
Traceback (most recent call last):
  File "C:\Users\GenAIBLRANCUSR50\Downloads\test\app\lib\backup.py", line 56, in create_snapshot
    with open(dest, "wb") as out:
IOError: [Errno 28] No space left on device
2026-06-02 09:13:06,106 CRITICAL [system] monitor.alert - system_alert_id=ALRT-20260602-01 severity=critical message="Low disk space; backups failing"
2026-06-02 09:14:10,333 INFO  [auth] auth.logout - user_id=42 request_id=req-1b2c3d4e status=success latency_ms=18
2026-06-02 09:15:00,000 INFO  [scheduler] jobs.run - Completed nightly maintenance job job_id=cleanup-20260602 duration_ms=120000 status=failed
2026-06-02 09:16:30,450 INFO  [main] app.shutdown - Application shutdown initiated by user=admin reason="deploy" uptime_ms=2550000